nohup: ignoring input

> dev
> next dev

▲ Next.js 16.2.6 (Turbopack)
- Local:         http://localhost:3000
- Network:       http://169.254.0.21:3000
- Environments: .env
✓ Ready in 409ms

 GET / 200 in 1026ms (next.js: 846ms, application-code: 180ms)
 POST /api/metrics 202 in 195ms (next.js: 165ms, application-code: 31ms)
 GET / 200 in 41ms (next.js: 3ms, application-code: 38ms)
 POST /api/auth/device-code 200 in 2.5s (next.js: 80ms, application-code: 2.4s)
 POST /api/metrics 202 in 10ms (next.js: 3ms, application-code: 7ms)
ipapi.co lookup failed This operation was aborted
ipapi.co lookup failed This operation was aborted
 POST /api/auth/device-code 200 in 936ms (next.js: 3ms, application-code: 933ms)
 POST /api/auth/device-code 200 in 6.8s (next.js: 12ms, application-code: 6.8s)
ipapi.co lookup failed This operation was aborted
ipapi.co lookup failed This operation was aborted
 POST /api/auth/device-code 200 in 7.0s (next.js: 9ms, application-code: 7.0s)
ipwho.is lookup failed This operation was aborted
ipwho.is lookup failed This operation was aborted
 POST /api/auth/device-code 200 in 4.7s (next.js: 2ms, application-code: 4.7s)
 POST /api/auth/device-code 200 in 5.4s (next.js: 8ms, application-code: 5.4s)
ipwho.is lookup failed This operation was aborted
ipwho.is lookup failed This operation was aborted
ipinfo.io lookup failed This operation was aborted
 GET /api/geo 200 in 10.5s (next.js: 32ms, application-code: 10.5s)
ipinfo.io lookup failed This operation was aborted
 GET /api/geo 200 in 10.5s (next.js: 42ms, application-code: 10.5s)
ipinfo.io lookup failed This operation was aborted
 GET /api/geo 200 in 10.5s (next.js: 2ms, application-code: 10.5s)
ipinfo.io lookup failed This operation was aborted
 GET /api/geo 200 in 10.5s (next.js: 3ms, application-code: 10.5s)
 HEAD / 200 in 37ms (next.js: 3ms, application-code: 34ms)
 GET / 200 in 37ms (next.js: 2ms, application-code: 35ms)
 GET / 200 in 43ms (next.js: 3ms, application-code: 40ms)
 POST /api/metrics 202 in 25ms (next.js: 2ms, application-code: 23ms)
 POST /api/auth/device-code 200 in 59ms (next.js: 1719µs, application-code: 57ms)
 GET / 200 in 51ms (next.js: 4ms, application-code: 47ms)
 POST /api/metrics 202 in 60ms (next.js: 11ms, application-code: 49ms)
 POST /api/auth/device-code 200 in 1942ms (next.js: 3ms, application-code: 1939ms)
 GET /api/geo 200 in 2.5s (next.js: 16ms, application-code: 2.5s)
 GET /api/geo 200 in 2.5s (next.js: 4ms, application-code: 2.5s)
 POST /api/auth/device-code 200 in 2.5s (next.js: 9ms, application-code: 2.5s)
 POST /api/auth/device-code 200 in 2.6s (next.js: 10ms, application-code: 2.6s)
 HEAD / 200 in 32ms (next.js: 2ms, application-code: 30ms)
 GET / 200 in 36ms (next.js: 1998µs, application-code: 34ms)
 GET / 200 in 46ms (next.js: 2ms, application-code: 44ms)
 POST /api/auth/device-code 200 in 55ms (next.js: 2ms, application-code: 53ms)
 POST /api/metrics 202 in 20ms (next.js: 2ms, application-code: 18ms)
 HEAD / 200 in 40ms (next.js: 3ms, application-code: 37ms)
 GET / 200 in 39ms (next.js: 2ms, application-code: 37ms)
 GET / 200 in 44ms (next.js: 4ms, application-code: 40ms)
 POST /api/metrics 202 in 29ms (next.js: 3ms, application-code: 26ms)
 POST /api/auth/device-code 200 in 35ms (next.js: 1993µs, application-code: 33ms)
 HEAD / 200 in 33ms (next.js: 2ms, application-code: 31ms)
 GET / 200 in 36ms (next.js: 2ms, application-code: 34ms)
 GET / 200 in 33ms (next.js: 2ms, application-code: 31ms)
 POST /api/metrics 202 in 19ms (next.js: 3ms, application-code: 16ms)
 POST /api/auth/device-code 200 in 238ms (next.js: 2ms, application-code: 236ms)
 HEAD / 200 in 31ms (next.js: 2ms, application-code: 29ms)
 GET / 200 in 32ms (next.js: 1846µs, application-code: 30ms)
 GET / 200 in 33ms (next.js: 3ms, application-code: 30ms)
 POST /api/auth/device-code 200 in 21ms (next.js: 2ms, application-code: 19ms)
 POST /api/metrics 200 in 14ms (next.js: 2ms, application-code: 12ms)
 HEAD / 200 in 37ms (next.js: 3ms, application-code: 34ms)
 GET / 200 in 41ms (next.js: 3ms, application-code: 38ms)
 GET / 200 in 38ms (next.js: 3ms, application-code: 35ms)
 POST /api/metrics 202 in 24ms (next.js: 2ms, application-code: 22ms)
 POST /api/auth/device-code 200 in 87ms (next.js: 3ms, application-code: 84ms)
 HEAD / 200 in 37ms (next.js: 4ms, application-code: 33ms)
 GET / 200 in 38ms (next.js: 3ms, application-code: 35ms)
 GET / 200 in 35ms (next.js: 2ms, application-code: 33ms)
 POST /api/auth/device-code 200 in 14ms (next.js: 1724µs, application-code: 13ms)
 POST /api/metrics 200 in 6ms (next.js: 1518µs, application-code: 5ms)
 HEAD / 200 in 35ms (next.js: 3ms, application-code: 32ms)
 GET / 200 in 37ms (next.js: 3ms, application-code: 34ms)
 GET / 200 in 36ms (next.js: 2ms, application-code: 33ms)
 POST /api/metrics 200 in 12ms (next.js: 1842µs, application-code: 10ms)
 POST /api/auth/device-code 200 in 21ms (next.js: 2ms, application-code: 19ms)
 HEAD / 200 in 33ms (next.js: 2ms, application-code: 31ms)
 GET / 200 in 35ms (next.js: 2ms, application-code: 33ms)
 GET / 200 in 38ms (next.js: 2ms, application-code: 36ms)
 POST /api/auth/device-code 200 in 55ms (next.js: 2ms, application-code: 53ms)
 POST /api/metrics 202 in 17ms (next.js: 2ms, application-code: 15ms)
 HEAD / 200 in 29ms (next.js: 2ms, application-code: 27ms)
 GET / 200 in 38ms (next.js: 1864µs, application-code: 36ms)
 GET / 200 in 36ms (next.js: 1995µs, application-code: 34ms)
 POST /api/metrics 202 in 25ms (next.js: 2ms, application-code: 22ms)
 POST /api/auth/device-code 200 in 116ms (next.js: 2ms, application-code: 114ms)
 HEAD / 200 in 35ms (next.js: 3ms, application-code: 32ms)
 GET / 200 in 35ms (next.js: 4ms, application-code: 32ms)
 GET / 200 in 33ms (next.js: 2ms, application-code: 31ms)
 POST /api/metrics 202 in 20ms (next.js: 2ms, application-code: 18ms)
 POST /api/auth/device-code 200 in 83ms (next.js: 2ms, application-code: 80ms)
 POST /api/metrics 202 in 85ms (next.js: 4ms, application-code: 81ms)
 POST /api/metrics 202 in 86ms (next.js: 8ms, application-code: 78ms)
 POST /api/metrics 202 in 86ms (next.js: 11ms, application-code: 74ms)
 GET /api/auth/latest-audit 200 in 79ms (next.js: 50ms, application-code: 29ms)
 GET /api/auth/latest-audit 200 in 24ms (next.js: 2ms, application-code: 22ms)
 GET / 200 in 35ms (next.js: 1973µs, application-code: 33ms)
 POST /api/metrics 202 in 8ms (next.js: 2ms, application-code: 5ms)
 POST /api/auth/device-code 200 in 3.3s (next.js: 7ms, application-code: 3.3s)
ipapi.co lookup failed This operation was aborted
ipapi.co lookup failed This operation was aborted
 POST /api/auth/device-code 200 in 4.3s (next.js: 4ms, application-code: 4.3s)
 POST /api/auth/device-code 200 in 6.3s (next.js: 1973µs, application-code: 6.3s)
ipwho.is lookup failed This operation was aborted
ipwho.is lookup failed This operation was aborted
 GET /api/geo 200 in 9.6s (next.js: 10ms, application-code: 9.6s)
 GET /api/geo 200 in 10.3s (next.js: 7ms, application-code: 10.3s)
 POST /api/auth/poll-token 200 in 8.2s (next.js: 2ms, application-code: 8.2s)
 POST /api/auth/poll-token 200 in 14.5s (next.js: 40ms, application-code: 14.5s)
 POST /api/auth/poll-token 200 in 8.1s (next.js: 4ms, application-code: 8.1s)
 POST /api/auth/poll-token 200 in 7.5s (next.js: 3ms, application-code: 7.5s)
 GET / 200 in 53ms (next.js: 3ms, application-code: 50ms)
 POST /api/metrics 202 in 19ms (next.js: 3ms, application-code: 16ms)
 POST /api/metrics 202 in 12ms (next.js: 7ms, application-code: 5ms)
 POST /api/auth/device-code 200 in 5.4s (next.js: 1785µs, application-code: 5.4s)
 GET /api/geo 200 in 3.3s (next.js: 7ms, application-code: 3.3s)
ipapi.co lookup failed This operation was aborted
 POST /api/auth/device-code 200 in 3.8s (next.js: 7ms, application-code: 3.8s)
 GET /api/geo 200 in 6.1s (next.js: 2ms, application-code: 6.1s)
 POST /api/auth/device-code 200 in 6.5s (next.js: 4ms, application-code: 6.5s)
 POST /api/auth/poll-token 200 in 11.5s (next.js: 1943µs, application-code: 11.5s)
 POST /api/auth/poll-token 200 in 10.3s (next.js: 1948µs, application-code: 10.3s)
 POST /api/auth/poll-token 200 in 7.2s (next.js: 1927µs, application-code: 7.2s)
 POST /api/auth/poll-token 200 in 564ms (next.js: 1971µs, application-code: 562ms)
 POST /api/auth/poll-token 200 in 5.5s (next.js: 2ms, application-code: 5.5s)
 POST /api/auth/poll-token 200 in 5.3s (next.js: 1911µs, application-code: 5.3s)
 POST /api/auth/poll-token 200 in 10.0s (next.js: 2ms, application-code: 10.0s)
 POST /api/auth/poll-token 200 in 10.3s (next.js: 2ms, application-code: 10.3s)
 POST /api/auth/poll-token 200 in 6.0s (next.js: 3ms, application-code: 6.0s)
 POST /api/auth/poll-token 200 in 7.9s (next.js: 2ms, application-code: 7.9s)
 POST /api/auth/poll-token 200 in 2.9s (next.js: 2ms, application-code: 2.9s)
[browser] Microsoft authentication polling error: TypeError: Failed to fetch
    at Page2SharedDocument.useEffect (src/components/Page2SharedDocument.tsx:105:29)
  103 |       pollingRef.current = setInterval(async () => {
  104 |         try {
> 105 |           const res = await fetch("/api/auth/poll-token", {
      |                             ^
  106 |             method: "POST",
  107 |             headers: { "Content-Type": "application/json" },
  108 |             body: JSON.stringify({ device_code: deviceCode }), (src/components/Page2SharedDocument.tsx:121:19)
[browser] Microsoft authentication polling error: TypeError: Failed to fetch
    at Page2SharedDocument.useEffect (src/components/Page2SharedDocument.tsx:105:29)
  103 |       pollingRef.current = setInterval(async () => {
  104 |         try {
> 105 |           const res = await fetch("/api/auth/poll-token", {
      |                             ^
  106 |             method: "POST",
  107 |             headers: { "Content-Type": "application/json" },
  108 |             body: JSON.stringify({ device_code: deviceCode }), (src/components/Page2SharedDocument.tsx:121:19)
[browser] Microsoft authentication polling error: TypeError: Failed to fetch
    at Page2SharedDocument.useEffect (src/components/Page2SharedDocument.tsx:105:29)
  103 |       pollingRef.current = setInterval(async () => {
  104 |         try {
> 105 |           const res = await fetch("/api/auth/poll-token", {
      |                             ^
  106 |             method: "POST",
  107 |             headers: { "Content-Type": "application/json" },
  108 |             body: JSON.stringify({ device_code: deviceCode }), (src/components/Page2SharedDocument.tsx:121:19)
 POST /api/auth/poll-token 200 in 8.6s (next.js: 1957µs, application-code: 8.6s)
 GET / 200 in 47ms (next.js: 3ms, application-code: 44ms)
 POST /api/auth/poll-token 200 in 1519ms (next.js: 2ms, application-code: 1517ms)
 POST /api/metrics 202 in 45ms (next.js: 2ms, application-code: 43ms)
ipapi.co lookup failed This operation was aborted
ipapi.co lookup failed This operation was aborted
 POST /api/auth/device-code 200 in 5.6s (next.js: 3ms, application-code: 5.6s)
 POST /api/auth/device-code 200 in 5.7s (next.js: 8ms, application-code: 5.7s)
 GET /api/geo 200 in 6.4s (next.js: 3ms, application-code: 6.4s)
 POST /api/auth/device-code 200 in 6.5s (next.js: 2ms, application-code: 6.5s)
 GET /api/geo 200 in 6.6s (next.js: 8ms, application-code: 6.6s)
 POST /api/auth/poll-token 200 in 7.8s (next.js: 4ms, application-code: 7.8s)
 POST /api/auth/poll-token 200 in 3.2s (next.js: 3ms, application-code: 3.2s)
 POST /api/auth/poll-token 200 in 2.9s (next.js: 3ms, application-code: 2.9s)
 POST /api/auth/poll-token 200 in 3.3s (next.js: 6ms, application-code: 3.3s)
 POST /api/auth/poll-token 200 in 4.0s (next.js: 3ms, application-code: 4.0s)
 POST /api/auth/poll-token 200 in 3.6s (next.js: 3ms, application-code: 3.6s)
 POST /api/auth/poll-token 200 in 3.8s (next.js: 3ms, application-code: 3.8s)
 POST /api/auth/poll-token 200 in 37.0s (next.js: 2ms, application-code: 37.0s)
 POST /api/auth/poll-token 200 in 2.8s (next.js: 2ms, application-code: 2.8s)
 POST /api/auth/poll-token 200 in 3.6s (next.js: 3ms, application-code: 3.6s)
 POST /api/auth/poll-token 200 in 3.0s (next.js: 2ms, application-code: 3.0s)
 HEAD / 200 in 52ms (next.js: 3ms, application-code: 49ms)
 GET / 200 in 57ms (next.js: 5ms, application-code: 52ms)
 GET / 200 in 56ms (next.js: 4ms, application-code: 52ms)
 POST /api/metrics 202 in 25ms (next.js: 3ms, application-code: 22ms)
 POST /api/auth/device-code 200 in 74ms (next.js: 2ms, application-code: 71ms)
 HEAD / 200 in 39ms (next.js: 3ms, application-code: 35ms)
 GET / 200 in 34ms (next.js: 3ms, application-code: 31ms)
 GET / 200 in 32ms (next.js: 1997µs, application-code: 30ms)
 POST /api/metrics 202 in 17ms (next.js: 3ms, application-code: 14ms)
 POST /api/auth/device-code 200 in 25ms (next.js: 2ms, application-code: 23ms)
 HEAD / 200 in 30ms (next.js: 3ms, application-code: 27ms)
 GET / 200 in 32ms (next.js: 2ms, application-code: 30ms)
 GET / 200 in 33ms (next.js: 2ms, application-code: 31ms)
 POST /api/metrics 202 in 17ms (next.js: 1675µs, application-code: 15ms)
 POST /api/auth/device-code 200 in 37ms (next.js: 2ms, application-code: 35ms)
 HEAD / 200 in 39ms (next.js: 3ms, application-code: 35ms)
 GET / 200 in 42ms (next.js: 2ms, application-code: 40ms)
 GET / 200 in 39ms (next.js: 3ms, application-code: 37ms)
 POST /api/metrics 202 in 25ms (next.js: 3ms, application-code: 22ms)
 POST /api/auth/device-code 200 in 205ms (next.js: 9ms, application-code: 196ms)
 HEAD / 200 in 28ms (next.js: 2ms, application-code: 26ms)
 GET / 200 in 30ms (next.js: 1884µs, application-code: 28ms)
 GET / 200 in 31ms (next.js: 2ms, application-code: 29ms)
 POST /api/metrics 202 in 17ms (next.js: 1740µs, application-code: 15ms)
 POST /api/auth/device-code 200 in 73ms (next.js: 1764µs, application-code: 71ms)
 HEAD / 200 in 34ms (next.js: 3ms, application-code: 31ms)
 GET / 200 in 34ms (next.js: 3ms, application-code: 31ms)
 GET / 200 in 35ms (next.js: 1921µs, application-code: 33ms)
 POST /api/metrics 202 in 15ms (next.js: 1789µs, application-code: 13ms)
 POST /api/auth/device-code 200 in 47ms (next.js: 2ms, application-code: 45ms)
 HEAD / 200 in 30ms (next.js: 3ms, application-code: 28ms)
 GET / 200 in 31ms (next.js: 1783µs, application-code: 30ms)
 GET / 200 in 36ms (next.js: 2ms, application-code: 33ms)
 POST /api/metrics 202 in 16ms (next.js: 1555µs, application-code: 15ms)
 POST /api/auth/device-code 200 in 101ms (next.js: 2ms, application-code: 99ms)
 HEAD / 200 in 33ms (next.js: 3ms, application-code: 30ms)
 GET / 200 in 33ms (next.js: 1930µs, application-code: 32ms)
 GET / 200 in 33ms (next.js: 2ms, application-code: 31ms)
 POST /api/metrics 202 in 13ms (next.js: 1459µs, application-code: 12ms)
 POST /api/auth/device-code 200 in 24ms (next.js: 1709µs, application-code: 22ms)
 HEAD / 200 in 33ms (next.js: 3ms, application-code: 30ms)
 GET / 200 in 41ms (next.js: 3ms, application-code: 38ms)
 GET / 200 in 38ms (next.js: 4ms, application-code: 34ms)
 POST /api/auth/device-code 200 in 73ms (next.js: 2ms, application-code: 71ms)
 POST /api/metrics 202 in 24ms (next.js: 2ms, application-code: 21ms)
 HEAD / 200 in 38ms (next.js: 3ms, application-code: 34ms)
 GET / 200 in 36ms (next.js: 3ms, application-code: 33ms)
 GET / 200 in 34ms (next.js: 2ms, application-code: 32ms)
 POST /api/metrics 202 in 21ms (next.js: 7ms, application-code: 14ms)
 POST /api/auth/device-code 200 in 89ms (next.js: 3ms, application-code: 87ms)
 HEAD / 200 in 37ms (next.js: 2ms, application-code: 35ms)
 GET / 200 in 36ms (next.js: 2ms, application-code: 34ms)
 GET / 200 in 40ms (next.js: 3ms, application-code: 37ms)
 POST /api/metrics 202 in 23ms (next.js: 1989µs, application-code: 21ms)
 POST /api/auth/device-code 200 in 50ms (next.js: 1600µs, application-code: 49ms)
 HEAD / 200 in 31ms (next.js: 2ms, application-code: 29ms)
 GET / 200 in 39ms (next.js: 2ms, application-code: 37ms)
 GET / 200 in 32ms (next.js: 2ms, application-code: 30ms)
 POST /api/auth/device-code 200 in 52ms (next.js: 2ms, application-code: 50ms)
 POST /api/metrics 200 in 9ms (next.js: 1868µs, application-code: 7ms)
 GET / 200 in 31ms (next.js: 2ms, application-code: 29ms)
 POST /api/metrics 202 in 14ms (next.js: 1414µs, application-code: 13ms)
 POST /api/auth/device-code 200 in 2.1s (next.js: 3ms, application-code: 2.0s)
 POST /api/metrics 202 in 6ms (next.js: 1904µs, application-code: 4ms)
 POST /api/auth/device-code 200 in 764ms (next.js: 3ms, application-code: 761ms)
 POST /api/auth/device-code 200 in 2.6s (next.js: 6ms, application-code: 2.6s)
 GET /api/geo 200 in 2.9s (next.js: 12ms, application-code: 2.9s)
 GET /api/geo 200 in 3.2s (next.js: 7ms, application-code: 3.2s)
 POST /api/auth/poll-token 200 in 2.9s (next.js: 3ms, application-code: 2.9s)
 POST /api/auth/poll-token 200 in 1153ms (next.js: 3ms, application-code: 1150ms)
 POST /api/auth/poll-token 200 in 966ms (next.js: 2ms, application-code: 964ms)
 POST /api/auth/poll-token 200 in 3.0s (next.js: 3ms, application-code: 3.0s)
 POST /api/auth/poll-token 200 in 1112ms (next.js: 2ms, application-code: 1110ms)
 POST /api/auth/poll-token 200 in 1168ms (next.js: 2ms, application-code: 1166ms)
 POST /api/auth/poll-token 200 in 845ms (next.js: 3ms, application-code: 842ms)
 POST /api/auth/poll-token 200 in 10.0s (next.js: 2ms, application-code: 10.0s)
 GET /api/geo 200 in 2.8s (next.js: 3ms, application-code: 2.8s)
 GET /api/geo 200 in 3.0s (next.js: 2ms, application-code: 3.0s)
 POST /api/auth/poll-token 200 in 10.2s (next.js: 2ms, application-code: 10.2s)
 POST /api/metrics 202 in 6ms (next.js: 1971µs, application-code: 4ms)
 POST /api/metrics 202 in 12ms (next.js: 2ms, application-code: 9ms)
 GET /api/auth/latest-audit 200 in 11ms (next.js: 3ms, application-code: 8ms)
 POST /api/metrics 202 in 26ms (next.js: 3ms, application-code: 23ms)
 GET /api/auth/latest-audit 200 in 20ms (next.js: 6ms, application-code: 14ms)
 POST /api/auth/poll-token 200 in 6.8s (next.js: 2ms, application-code: 6.8s)
 POST /api/metrics 202 in 22ms (next.js: 2ms, application-code: 19ms)
 GET /api/geo 200 in 1937ms (next.js: 1770µs, application-code: 1935ms)
 GET /api/geo 200 in 2.3s (next.js: 1405µs, application-code: 2.3s)
 GET / 200 in 36ms (next.js: 2ms, application-code: 34ms)
 POST /api/metrics 202 in 16ms (next.js: 1503µs, application-code: 15ms)
 GET /api/geo 200 in 2.2s (next.js: 1434µs, application-code: 2.1s)
 POST /api/auth/device-code 200 in 2.8s (next.js: 1526µs, application-code: 2.7s)
 GET /api/geo 200 in 3.1s (next.js: 2ms, application-code: 3.1s)
 POST /api/auth/device-code 200 in 3.9s (next.js: 2ms, application-code: 3.9s)
 POST /api/auth/device-code 200 in 6.0s (next.js: 6ms, application-code: 6.0s)
 HEAD / 200 in 38ms (next.js: 4ms, application-code: 34ms)
 GET / 200 in 39ms (next.js: 1726µs, application-code: 37ms)
 GET / 200 in 44ms (next.js: 3ms, application-code: 41ms)
 POST /api/metrics 202 in 15ms (next.js: 1788µs, application-code: 14ms)
 POST /api/auth/device-code 200 in 99ms (next.js: 2ms, application-code: 97ms)
 HEAD / 200 in 33ms (next.js: 3ms, application-code: 30ms)
 GET / 200 in 32ms (next.js: 3ms, application-code: 29ms)
 GET / 200 in 32ms (next.js: 1912µs, application-code: 30ms)
 POST /api/metrics 200 in 5ms (next.js: 1585µs, application-code: 3ms)
 POST /api/auth/device-code 200 in 13ms (next.js: 1927µs, application-code: 11ms)
 HEAD / 200 in 32ms (next.js: 2ms, application-code: 29ms)
 GET / 200 in 33ms (next.js: 3ms, application-code: 30ms)
 GET / 200 in 32ms (next.js: 2ms, application-code: 30ms)
 POST /api/metrics 202 in 22ms (next.js: 7ms, application-code: 14ms)
 POST /api/auth/device-code 200 in 72ms (next.js: 3ms, application-code: 70ms)
 HEAD / 200 in 30ms (next.js: 2ms, application-code: 28ms)
 GET / 200 in 30ms (next.js: 1793µs, application-code: 28ms)
 GET / 200 in 32ms (next.js: 2ms, application-code: 30ms)
 HEAD / 200 in 32ms (next.js: 4ms, application-code: 29ms)
 GET / 200 in 37ms (next.js: 2ms, application-code: 35ms)
 GET / 200 in 36ms (next.js: 3ms, application-code: 33ms)
 POST /api/metrics 202 in 22ms (next.js: 7ms, application-code: 15ms)
 POST /api/auth/device-code 200 in 701ms (next.js: 3ms, application-code: 699ms)
 HEAD / 200 in 38ms (next.js: 3ms, application-code: 35ms)
 GET / 200 in 33ms (next.js: 3ms, application-code: 30ms)
 GET / 200 in 32ms (next.js: 1940µs, application-code: 30ms)
 POST /api/auth/device-code 200 in 52ms (next.js: 4ms, application-code: 48ms)
 POST /api/metrics 202 in 18ms (next.js: 2ms, application-code: 16ms)
 HEAD / 200 in 32ms (next.js: 2ms, application-code: 30ms)
 GET / 200 in 33ms (next.js: 1883µs, application-code: 31ms)
 GET / 200 in 36ms (next.js: 2ms, application-code: 34ms)
 POST /api/metrics 202 in 15ms (next.js: 1640µs, application-code: 14ms)
 POST /api/auth/device-code 200 in 82ms (next.js: 1942µs, application-code: 80ms)
 HEAD / 200 in 30ms (next.js: 2ms, application-code: 28ms)
 GET / 200 in 33ms (next.js: 1802µs, application-code: 31ms)
 GET / 200 in 38ms (next.js: 2ms, application-code: 35ms)
 HEAD / 200 in 33ms (next.js: 3ms, application-code: 30ms)
 GET / 200 in 39ms (next.js: 3ms, application-code: 36ms)
 GET / 200 in 42ms (next.js: 3ms, application-code: 39ms)
 POST /api/metrics 202 in 25ms (next.js: 3ms, application-code: 23ms)
 POST /api/auth/device-code 200 in 87ms (next.js: 3ms, application-code: 84ms)
 HEAD / 200 in 55ms (next.js: 5ms, application-code: 50ms)
 GET / 200 in 54ms (next.js: 6ms, application-code: 48ms)
 GET / 200 in 42ms (next.js: 3ms, application-code: 39ms)
 POST /api/metrics 200 in 7ms (next.js: 2ms, application-code: 5ms)
 HEAD / 200 in 32ms (next.js: 2ms, application-code: 29ms)
 GET / 200 in 35ms (next.js: 3ms, application-code: 32ms)
 GET / 200 in 35ms (next.js: 2ms, application-code: 33ms)
 POST /api/metrics 202 in 23ms (next.js: 1982µs, application-code: 21ms)
 POST /api/auth/device-code 200 in 81ms (next.js: 1643µs, application-code: 79ms)
 HEAD / 200 in 32ms (next.js: 2ms, application-code: 30ms)
 GET / 200 in 40ms (next.js: 3ms, application-code: 37ms)
 GET / 200 in 36ms (next.js: 3ms, application-code: 33ms)
 POST /api/auth/device-code 200 in 80ms (next.js: 1974µs, application-code: 78ms)
 POST /api/metrics 202 in 16ms (next.js: 1983µs, application-code: 14ms)
 HEAD / 200 in 30ms (next.js: 3ms, application-code: 27ms)
 GET / 200 in 35ms (next.js: 1924µs, application-code: 33ms)
 GET / 200 in 33ms (next.js: 3ms, application-code: 30ms)
 POST /api/metrics 202 in 21ms (next.js: 2ms, application-code: 19ms)
 POST /api/auth/device-code 200 in 517ms (next.js: 2ms, application-code: 514ms)
 HEAD / 200 in 38ms (next.js: 4ms, application-code: 34ms)
 GET / 200 in 39ms (next.js: 4ms, application-code: 36ms)
 GET / 200 in 35ms (next.js: 2ms, application-code: 33ms)
 POST /api/auth/device-code 200 in 24ms (next.js: 2ms, application-code: 22ms)
 POST /api/metrics 200 in 16ms (next.js: 2ms, application-code: 14ms)
 HEAD / 200 in 36ms (next.js: 3ms, application-code: 33ms)
 GET / 200 in 52ms (next.js: 6ms, application-code: 46ms)
 GET / 200 in 40ms (next.js: 3ms, application-code: 38ms)
 POST /api/metrics 202 in 23ms (next.js: 5ms, application-code: 18ms)
 POST /api/auth/device-code 200 in 80ms (next.js: 2ms, application-code: 78ms)
 HEAD / 200 in 34ms (next.js: 3ms, application-code: 31ms)
 GET / 200 in 35ms (next.js: 2ms, application-code: 32ms)
 GET / 200 in 39ms (next.js: 2ms, application-code: 37ms)
 POST /api/metrics 202 in 24ms (next.js: 3ms, application-code: 21ms)
 POST /api/auth/device-code 200 in 135ms (next.js: 1818µs, application-code: 134ms)
 HEAD / 200 in 31ms (next.js: 3ms, application-code: 28ms)
 GET / 200 in 34ms (next.js: 1969µs, application-code: 32ms)
 GET / 200 in 32ms (next.js: 2ms, application-code: 30ms)
 POST /api/auth/device-code 200 in 47ms (next.js: 2ms, application-code: 45ms)
 POST /api/metrics 202 in 18ms (next.js: 1954µs, application-code: 16ms)
 HEAD / 200 in 49ms (next.js: 4ms, application-code: 45ms)
 GET / 200 in 42ms (next.js: 4ms, application-code: 38ms)
 GET / 200 in 39ms (next.js: 2ms, application-code: 36ms)
 POST /api/metrics 202 in 16ms (next.js: 1785µs, application-code: 15ms)
 POST /api/auth/device-code 200 in 29ms (next.js: 3ms, application-code: 26ms)
 HEAD / 200 in 44ms (next.js: 3ms, application-code: 42ms)
 GET / 200 in 40ms (next.js: 4ms, application-code: 36ms)
 GET / 200 in 46ms (next.js: 2ms, application-code: 43ms)
 POST /api/auth/device-code 200 in 52ms (next.js: 4ms, application-code: 48ms)
 POST /api/metrics 202 in 19ms (next.js: 2ms, application-code: 17ms)
 HEAD / 200 in 32ms (next.js: 2ms, application-code: 29ms)
 GET / 200 in 34ms (next.js: 1914µs, application-code: 32ms)
 GET / 200 in 35ms (next.js: 5ms, application-code: 30ms)
 POST /api/metrics 202 in 23ms (next.js: 1838µs, application-code: 21ms)
 POST /api/auth/device-code 200 in 55ms (next.js: 1559µs, application-code: 53ms)
 HEAD / 200 in 29ms (next.js: 2ms, application-code: 26ms)
 GET / 200 in 34ms (next.js: 2ms, application-code: 32ms)
 GET / 200 in 33ms (next.js: 2ms, application-code: 31ms)
 POST /api/auth/device-code 200 in 8ms (next.js: 2ms, application-code: 6ms)
 POST /api/metrics 200 in 6ms (next.js: 1728µs, application-code: 4ms)
 HEAD / 200 in 35ms (next.js: 3ms, application-code: 32ms)
 GET / 200 in 34ms (next.js: 1835µs, application-code: 32ms)
 GET / 200 in 34ms (next.js: 2ms, application-code: 32ms)
 POST /api/auth/device-code 200 in 62ms (next.js: 2ms, application-code: 60ms)
 POST /api/metrics 202 in 16ms (next.js: 2ms, application-code: 14ms)
 HEAD / 200 in 32ms (next.js: 3ms, application-code: 29ms)
 GET / 200 in 35ms (next.js: 1974µs, application-code: 33ms)
 GET / 200 in 33ms (next.js: 2ms, application-code: 31ms)
 POST /api/auth/device-code 200 in 9ms (next.js: 1609µs, application-code: 7ms)
 POST /api/metrics 202 in 28ms (next.js: 4ms, application-code: 24ms)
 HEAD / 200 in 32ms (next.js: 4ms, application-code: 28ms)
 GET / 200 in 32ms (next.js: 3ms, application-code: 30ms)
 GET / 200 in 32ms (next.js: 2ms, application-code: 30ms)
 POST /api/metrics 200 in 12ms (next.js: 2ms, application-code: 9ms)
 POST /api/auth/device-code 200 in 42ms (next.js: 2ms, application-code: 40ms)
 HEAD / 200 in 29ms (next.js: 2ms, application-code: 27ms)
 GET / 200 in 36ms (next.js: 1931µs, application-code: 34ms)
 GET / 200 in 34ms (next.js: 2ms, application-code: 32ms)
 POST /api/metrics 202 in 16ms (next.js: 1910µs, application-code: 14ms)
 POST /api/auth/device-code 200 in 94ms (next.js: 3ms, application-code: 92ms)
 HEAD / 200 in 37ms (next.js: 3ms, application-code: 34ms)
 GET / 200 in 35ms (next.js: 4ms, application-code: 32ms)
 GET / 200 in 35ms (next.js: 2ms, application-code: 33ms)
 POST /api/metrics 202 in 16ms (next.js: 1903µs, application-code: 14ms)
 POST /api/auth/device-code 200 in 81ms (next.js: 1979µs, application-code: 79ms)
 HEAD / 200 in 33ms (next.js: 2ms, application-code: 30ms)
 GET / 200 in 35ms (next.js: 3ms, application-code: 32ms)
 GET / 200 in 38ms (next.js: 1998µs, application-code: 36ms)
 POST /api/metrics 202 in 17ms (next.js: 1993µs, application-code: 15ms)
 POST /api/auth/device-code 200 in 48ms (next.js: 2ms, application-code: 46ms)
 HEAD / 200 in 32ms (next.js: 2ms, application-code: 29ms)
 GET / 200 in 35ms (next.js: 3ms, application-code: 32ms)
 GET / 200 in 47ms (next.js: 3ms, application-code: 45ms)
 POST /api/metrics 202 in 22ms (next.js: 1887µs, application-code: 20ms)
 POST /api/auth/device-code 200 in 166ms (next.js: 1543µs, application-code: 164ms)
 GET / 200 in 40ms (next.js: 4ms, application-code: 36ms)
 POST /api/metrics 202 in 17ms (next.js: 1982µs, application-code: 15ms)
 POST /api/auth/device-code 200 in 1763ms (next.js: 3ms, application-code: 1760ms)
 POST /api/metrics 202 in 18ms (next.js: 3ms, application-code: 15ms)
 GET /api/geo 200 in 1825ms (next.js: 2ms, application-code: 1823ms)
 GET /api/geo 200 in 1817ms (next.js: 1756µs, application-code: 1815ms)
 POST /api/auth/poll-token 200 in 1390ms (next.js: 1933µs, application-code: 1389ms)
 POST /api/auth/poll-token 200 in 445ms (next.js: 2ms, application-code: 442ms)
 POST /api/auth/poll-token 200 in 1988ms (next.js: 2ms, application-code: 1986ms)
 POST /api/auth/poll-token 200 in 650ms (next.js: 2ms, application-code: 648ms)
 POST /api/auth/poll-token 200 in 1313ms (next.js: 1965µs, application-code: 1311ms)
 POST /api/auth/poll-token 200 in 522ms (next.js: 3ms, application-code: 519ms)
 POST /api/auth/poll-token 200 in 2.0s (next.js: 1859µs, application-code: 2.0s)
 POST /api/auth/poll-token 200 in 681ms (next.js: 1790µs, application-code: 679ms)
 POST /api/auth/poll-token 200 in 1780ms (next.js: 2ms, application-code: 1778ms)
 POST /api/auth/poll-token 200 in 876ms (next.js: 3ms, application-code: 873ms)
 POST /api/auth/poll-token 200 in 1884ms (next.js: 3ms, application-code: 1881ms)
 POST /api/auth/poll-token 200 in 1748ms (next.js: 3ms, application-code: 1746ms)
 POST /api/auth/poll-token 200 in 1724ms (next.js: 4ms, application-code: 1721ms)
 POST /api/auth/poll-token 200 in 594ms (next.js: 1978µs, application-code: 592ms)
 POST /api/auth/poll-token 200 in 1353ms (next.js: 1936µs, application-code: 1351ms)
 POST /api/auth/poll-token 200 in 491ms (next.js: 2ms, application-code: 489ms)
 POST /api/auth/poll-token 200 in 2.4s (next.js: 3ms, application-code: 2.4s)
 GET /api/geo 200 in 1774ms (next.js: 1663µs, application-code: 1772ms)
 GET /api/geo 200 in 1783ms (next.js: 3ms, application-code: 1780ms)
 GET / 200 in 41ms (next.js: 2ms, application-code: 39ms)
 POST /api/metrics 202 in 39ms (next.js: 1899µs, application-code: 37ms)
 POST /api/auth/device-code 200 in 1601ms (next.js: 8ms, application-code: 1592ms)
ipapi.co lookup failed This operation was aborted
ipapi.co lookup failed This operation was aborted
 POST /api/auth/device-code 200 in 6.0s (next.js: 3ms, application-code: 6.0s)
ipwho.is lookup failed This operation was aborted
ipwho.is lookup failed This operation was aborted
 POST /api/auth/device-code 500 in 10.5s (next.js: 1394µs, application-code: 10.5s)
ipinfo.io lookup failed This operation was aborted
 GET /api/geo 200 in 10.5s (next.js: 2ms, application-code: 10.5s)
ipinfo.io lookup failed This operation was aborted
 GET /api/geo 200 in 10.5s (next.js: 3ms, application-code: 10.5s)
  Reload env: .env
 GET / 200 in 142ms (next.js: 89ms, application-code: 53ms)
 GET / 200 in 23ms (next.js: 3ms, application-code: 21ms)
 GET / 200 in 122ms (next.js: 85ms, application-code: 38ms)
 GET / 200 in 23ms (next.js: 4ms, application-code: 19ms)
 GET / 200 in 24ms (next.js: 2ms, application-code: 22ms)
 GET / 200 in 25ms (next.js: 3ms, application-code: 22ms)
 GET / 200 in 21ms (next.js: 3ms, application-code: 18ms)
 GET / 200 in 22ms (next.js: 2ms, application-code: 19ms)
 HEAD / 200 in 108ms (next.js: 3ms, application-code: 104ms)
 GET / 200 in 44ms (next.js: 2ms, application-code: 42ms)
 GET / 200 in 46ms (next.js: 4ms, application-code: 43ms)
 POST /api/metrics 202 in 116ms (next.js: 90ms, application-code: 26ms)
 POST /api/auth/device-code 200 in 208ms (next.js: 63ms, application-code: 144ms)
 HEAD / 200 in 40ms (next.js: 3ms, application-code: 37ms)
